// Jest Snapshot v1, https://goo.gl/fbAQLP

exports[`Contact Component Should be  visible when disp=True 1`] = `
<Contact
  disp={true}
>
  <div
    className="darken"
    style={
      Object {
        "height": "100vh",
        "position": "absolute",
        "width": "100vw",
      }
    }
  >
    <div
      className="contactus"
    >
      <Cancelicon>
        <div
          className="cancelicon"
          style={
            Object {
              "float": "right",
            }
          }
        >
          <svg
            className="bi bi-x-circle-fill"
            fill="currentColor"
            height="16"
            viewBox="0 0 16 16"
            width="16"
            xmlns="http://www.w3.org/2000/svg"
          >
            <path
              d="M16 8A8 8 0 1 1 0 8a8 8 0 0 1 16 0zM5.354 4.646a.5.5 0 1 0-.708.708L7.293 8l-2.647 2.646a.5.5 0 0 0 .708.708L8 8.707l2.646 2.647a.5.5 0 0 0 .708-.708L8.707 8l2.647-2.646a.5.5 0 0 0-.708-.708L8 7.293 5.354 4.646z"
            />
          </svg>
        </div>
      </Cancelicon>
      <h3
        style={
          Object {
            "color": "#495057",
            "fontWeight": "bold",
          }
        }
      >
        Contact
      </h3>
      <span
        style={
          Object {
            "color": "#ADB5BD",
            "fontSize": "12px",
          }
        }
      >
        Lorem Ipsum is simply dummy text of the printing
      </span>
      <br />
      <br />
      <Inpele
        funn={[Function]}
        label="Name"
        text="Enter Your name"
        var=""
      >
        <div
          className="inpele"
        >
          <div>
            Name
          </div>
          <input
            onChange={[Function]}
            placeholder="Enter Your name"
          />
        </div>
      </Inpele>
      <Inpele
        funn={[Function]}
        label="Email"
        text="Enter Your email"
        var=""
      >
        <div
          className="inpele"
        >
          <div>
            Email
          </div>
          <input
            onChange={[Function]}
            placeholder="Enter Your email"
          />
        </div>
      </Inpele>
      <Inpele
        funn={[Function]}
        label="Message"
        text="Your message"
        var=""
      >
        <div
          className="inpele"
        >
          <div>
            Message
          </div>
          <input
            onChange={[Function]}
            placeholder="Your message"
          />
        </div>
      </Inpele>
      <button
        className="submit"
        onClick={[Function]}
      >
        Submit
      </button>
      <span
        className="error"
      />
    </div>
  </div>
</Contact>
`;

exports[`Contact Component Should be not visible when disp=false 1`] = `
<Contact
  disp={false}
/>
`;
